⚠  emulators: You are not currently authenticated so some features may not work correctly. Please run firebase login to authenticate the CLI.
i  emulators: Starting emulators: database
i  emulators: Detected demo project ID "demo-ttscore-next", emulated services will use a demo configuration and attempts to access non-emulated services for this project will fail.
⚠  emulators: It seems that you are running multiple instances of the emulator suite for project demo-ttscore-next. This may result in unexpected behavior.
i  database: Database Emulator logging to database-debug.log
i  Running script: node --test tests/rtdb.test.mjs
✔ accept idempotent after current changes: 8 concurrent retries (344.40764ms)
✔ Team Undo then retry: accepted_then_undone, no second effect (130.827311ms)
✔ same command ID changed payload rejected (55.470903ms)
✔ manual and automatic race has exactly one winner (90.444359ms)
✔ revoked generation rejects stale report and Live (52.339378ms)
✔ writer cannot steal registration; retry preserves epochs (29.484093ms)
✔ forged hash and rehashed fraudulent report rejected (33.229689ms)
✔ accept without immutable backup rejected (27.28818ms)
✔ wrong role and wrong Team capabilities rejected (64.03178ms)
✔ manual no report: 2:2 final draw and Undo reopens (75.739292ms)
✔ public view contains no capability hashes, receipts or report bytes (49.4946ms)
✔ RTDB rules reject direct unauthenticated read/write and patch (48.697073ms)
✔ emulator adapter cannot target production (0.432141ms)
ℹ tests 13
ℹ suites 0
ℹ pass 13
ℹ fail 0
ℹ cancelled 0
ℹ skipped 0
ℹ todo 0
ℹ duration_ms 1151.823061
✔  Script exited successfully (code 0)
i  emulators: Shutting down emulators.
i  database: Stopping Database Emulator
i  hub: Stopping emulator hub
i  logging: Stopping Logging Emulator
